Microsoft (R) Oluşturma Altyapısı sürüm 4.8.9032.0
[Microsoft .NET Framework, sürüm 4.0.30319.42000]
Telif Hakkı (C) Microsoft Corporation. Tüm hakları saklıdır.

Bu çözümde projeler birer birer oluşturuluyor. Paralel oluşturmayı etkinleştirmek için lütfen "/m" anahtarını ekleyin.
Oluşturma başlatıldı: 25.01.2026 18:42:58.
1 düğümünde "D:\projects\nlgxzef\Labrune\Labrune.sln" projesi (varsayılan hedefler).
ValidateSolutionConfiguration:
  "Release|Any CPU" çözüm yapılandırması oluşturuluyor.
"D:\projects\nlgxzef\Labrune\Labrune.sln" projesi (1) 1 düğümünde "D:\projects\nlgxzef\Labrune\Labrune\Labrune.csproj" (2) oluşturuyor (varsayılan hedefler).
Proje dosyası ToolsVersion="15.0" içeriyor. Bu araç kümesi bilinmiyor veya olmayabilir, bu durumda MSBuild'in uygun sürümünü yükleyerek bu sorunu çözebilirsiniz ya da derleme ilkelere bağlı olarak belirli bir ToolsVersion değerine zorlanmış olabilir. Proje ToolsVersion="4.0" gibi ele alınıyor. Daha fazla bilgi için http://go.microsoft.com/fwlink/?LinkId=291333 sayfasına bakın.
C:\Windows\Microsoft.NET\Framework\v4.0.30319\Microsoft.Common.targets(983,5): warning MSB3644: Framework ".NETFramework,Version=v4.5" için başvuru derlemeler bulunamadı. Bu sorunu gidermek için, bu Framework sürümüne yönelik SDK'yi Hedefleme Paketi'ni yükleyin veya uygulamanızı SDK'sini veya Hedefleme Paketi'ni yüklemiş olduğunuz bir Framework sürümüne hedefleyin. Tüm derlemelerin Genel Derleme Önbelleği'nden (GAC) çözümleneceğini veya başvuru derlemelerinin yerine kullanılacağını unutmayın. Bu nedenle, derlemeniz hedeflediğiniz Framework için doğru şekilde hedeflenemeyebilir. [D:\projects\nlgxzef\Labrune\Labrune\Labrune.csproj]
C:\Windows\Microsoft.NET\Framework\v4.0.30319\Microsoft.Common.targets(1605,5): warning MSB3270: Oluşturulan projenin işlemci mimarisi "MSIL" ile "C:\Windows\Microsoft.NET\Framework\v4.0.30319\mscorlib.dll" başvurusunun işlemci mimarisi "x86" arasında bir uyuşmazlık vardı. Bu uyuşmazlık çalışma zamanı hatalarına neden olabilir. Lütfen proje ve referanslarınız arasındaki işlemci mimarilerini hizalamak için projenizin hedeflenen işlemci mimarisini Yapılandırma Yöneticisi ile değiştirmeyi düşünün veya projenizin hedeflenen işlemci mimarisiyle eşleşen bir işlemci mimarisi ile başvurular üzerine bir bağımlılık alın. [D:\projects\nlgxzef\Labrune\Labrune\Labrune.csproj]
C:\Windows\Microsoft.NET\Framework\v4.0.30319\Microsoft.Common.targets(1605,5): warning MSB3270: Oluşturulan projenin işlemci mimarisi "MSIL" ile "System.Data" başvurusunun işlemci mimarisi "AMD64" arasında bir uyuşmazlık vardı. Bu uyuşmazlık çalışma zamanı hatalarına neden olabilir. Lütfen proje ve referanslarınız arasındaki işlemci mimarilerini hizalamak için projenizin hedeflenen işlemci mimarisini Yapılandırma Yöneticisi ile değiştirmeyi düşünün veya projenizin hedeflenen işlemci mimarisiyle eşleşen bir işlemci mimarisi ile başvurular üzerine bir bağımlılık alın. [D:\projects\nlgxzef\Labrune\Labrune\Labrune.csproj]
CoreResGen:
  İlgili kaynak dosyalarına göre kaynakların tümü güncel. Kaynak oluşturma atlanıyor.
GenerateTargetFrameworkMonikerAttribute:
Tüm çıkış dosyaları, giriş dosyalarına göre güncel durumda olduğundan "GenerateTargetFrameworkMonikerAttribute" hedefi atlanıyor.
CoreCompile:
Tüm çıkış dosyaları, giriş dosyalarına göre güncel durumda olduğundan "CoreCompile" hedefi atlanıyor.
_CopyAppConfigFile:
Tüm çıkış dosyaları, giriş dosyalarına göre güncel durumda olduğundan "_CopyAppConfigFile" hedefi atlanıyor.
CopyFilesToOutputDirectory:
  Dosya "obj\Release\Labrune_V3.exe" konumundan "bin\Release\Labrune_V3.exe" konumuna kopyalanıyor.
C:\Windows\Microsoft.NET\Framework\v4.0.30319\Microsoft.Common.targets(3390,5): warning MSB3026: "obj\Release\Labrune_V3.exe", "bin\Release\Labrune_V3.exe" üzerine kopyalanamadı. 1000msn içinde 1 adet yeniden denemeye başlanacak. İşlem, başka bir işlem tarafından kullanıldığından 'bin\Release\Labrune_V3.exe' dosyasına erişemiyor. [D:\projects\nlgxzef\Labrune\Labrune\Labrune.csproj]
  Dosya "obj\Release\Labrune_V3.exe" konumundan "bin\Release\Labrune_V3.exe" konumuna kopyalanıyor.
C:\Windows\Microsoft.NET\Framework\v4.0.30319\Microsoft.Common.targets(3390,5): warning MSB3026: "obj\Release\Labrune_V3.exe", "bin\Release\Labrune_V3.exe" üzerine kopyalanamadı. 1000msn içinde 2 adet yeniden denemeye başlanacak. İşlem, başka bir işlem tarafından kullanıldığından 'bin\Release\Labrune_V3.exe' dosyasına erişemiyor. [D:\projects\nlgxzef\Labrune\Labrune\Labrune.csproj]
  Dosya "obj\Release\Labrune_V3.exe" konumundan "bin\Release\Labrune_V3.exe" konumuna kopyalanıyor.
C:\Windows\Microsoft.NET\Framework\v4.0.30319\Microsoft.Common.targets(3390,5): warning MSB3026: "obj\Release\Labrune_V3.exe", "bin\Release\Labrune_V3.exe" üzerine kopyalanamadı. 1000msn içinde 3 adet yeniden denemeye başlanacak. İşlem, başka bir işlem tarafından kullanıldığından 'bin\Release\Labrune_V3.exe' dosyasına erişemiyor. [D:\projects\nlgxzef\Labrune\Labrune\Labrune.csproj]
  Dosya "obj\Release\Labrune_V3.exe" konumundan "bin\Release\Labrune_V3.exe" konumuna kopyalanıyor.
C:\Windows\Microsoft.NET\Framework\v4.0.30319\Microsoft.Common.targets(3390,5): warning MSB3026: "obj\Release\Labrune_V3.exe", "bin\Release\Labrune_V3.exe" üzerine kopyalanamadı. 1000msn içinde 4 adet yeniden denemeye başlanacak. İşlem, başka bir işlem tarafından kullanıldığından 'bin\Release\Labrune_V3.exe' dosyasına erişemiyor. [D:\projects\nlgxzef\Labrune\Labrune\Labrune.csproj]
  Dosya "obj\Release\Labrune_V3.exe" konumundan "bin\Release\Labrune_V3.exe" konumuna kopyalanıyor.
C:\Windows\Microsoft.NET\Framework\v4.0.30319\Microsoft.Common.targets(3390,5): warning MSB3026: "obj\Release\Labrune_V3.exe", "bin\Release\Labrune_V3.exe" üzerine kopyalanamadı. 1000msn içinde 5 adet yeniden denemeye başlanacak. İşlem, başka bir işlem tarafından kullanıldığından 'bin\Release\Labrune_V3.exe' dosyasına erişemiyor. [D:\projects\nlgxzef\Labrune\Labrune\Labrune.csproj]
  Dosya "obj\Release\Labrune_V3.exe" konumundan "bin\Release\Labrune_V3.exe" konumuna kopyalanıyor.
C:\Windows\Microsoft.NET\Framework\v4.0.30319\Microsoft.Common.targets(3390,5): warning MSB3026: "obj\Release\Labrune_V3.exe", "bin\Release\Labrune_V3.exe" üzerine kopyalanamadı. 1000msn içinde 6 adet yeniden denemeye başlanacak. İşlem, başka bir işlem tarafından kullanıldığından 'bin\Release\Labrune_V3.exe' dosyasına erişemiyor. [D:\projects\nlgxzef\Labrune\Labrune\Labrune.csproj]
  Dosya "obj\Release\Labrune_V3.exe" konumundan "bin\Release\Labrune_V3.exe" konumuna kopyalanıyor.
C:\Windows\Microsoft.NET\Framework\v4.0.30319\Microsoft.Common.targets(3390,5): warning MSB3026: "obj\Release\Labrune_V3.exe", "bin\Release\Labrune_V3.exe" üzerine kopyalanamadı. 1000msn içinde 7 adet yeniden denemeye başlanacak. İşlem, başka bir işlem tarafından kullanıldığından 'bin\Release\Labrune_V3.exe' dosyasına erişemiyor. [D:\projects\nlgxzef\Labrune\Labrune\Labrune.csproj]
  Dosya "obj\Release\Labrune_V3.exe" konumundan "bin\Release\Labrune_V3.exe" konumuna kopyalanıyor.
C:\Windows\Microsoft.NET\Framework\v4.0.30319\Microsoft.Common.targets(3390,5): warning MSB3026: "obj\Release\Labrune_V3.exe", "bin\Release\Labrune_V3.exe" üzerine kopyalanamadı. 1000msn içinde 8 adet yeniden denemeye başlanacak. İşlem, başka bir işlem tarafından kullanıldığından 'bin\Release\Labrune_V3.exe' dosyasına erişemiyor. [D:\projects\nlgxzef\Labrune\Labrune\Labrune.csproj]
  Dosya "obj\Release\Labrune_V3.exe" konumundan "bin\Release\Labrune_V3.exe" konumuna kopyalanıyor.
C:\Windows\Microsoft.NET\Framework\v4.0.30319\Microsoft.Common.targets(3390,5): warning MSB3026: "obj\Release\Labrune_V3.exe", "bin\Release\Labrune_V3.exe" üzerine kopyalanamadı. 1000msn içinde 9 adet yeniden denemeye başlanacak. İşlem, başka bir işlem tarafından kullanıldığından 'bin\Release\Labrune_V3.exe' dosyasına erişemiyor. [D:\projects\nlgxzef\Labrune\Labrune\Labrune.csproj]
  Dosya "obj\Release\Labrune_V3.exe" konumundan "bin\Release\Labrune_V3.exe" konumuna kopyalanıyor.
C:\Windows\Microsoft.NET\Framework\v4.0.30319\Microsoft.Common.targets(3390,5): warning MSB3026: "obj\Release\Labrune_V3.exe", "bin\Release\Labrune_V3.exe" üzerine kopyalanamadı. 1000msn içinde 10 adet yeniden denemeye başlanacak. İşlem, başka bir işlem tarafından kullanıldığından 'bin\Release\Labrune_V3.exe' dosyasına erişemiyor. [D:\projects\nlgxzef\Labrune\Labrune\Labrune.csproj]
  Dosya "obj\Release\Labrune_V3.exe" konumundan "bin\Release\Labrune_V3.exe" konumuna kopyalanıyor.
C:\Windows\Microsoft.NET\Framework\v4.0.30319\Microsoft.Common.targets(3390,5): error MSB3027: "obj\Release\Labrune_V3.exe", "bin\Release\Labrune_V3.exe" üzerine kopyalanamadı. 10 deneme sayısı aşıldı. Başarısız. [D:\projects\nlgxzef\Labrune\Labrune\Labrune.csproj]
C:\Windows\Microsoft.NET\Framework\v4.0.30319\Microsoft.Common.targets(3390,5): error MSB3021: "obj\Release\Labrune_V3.exe" dosyası "bin\Release\Labrune_V3.exe" üzerine kopyalanamıyor. İşlem, başka bir işlem tarafından kullanıldığından 'bin\Release\Labrune_V3.exe' dosyasına erişemiyor. [D:\projects\nlgxzef\Labrune\Labrune\Labrune.csproj]
"D:\projects\nlgxzef\Labrune\Labrune\Labrune.csproj" Projesini Oluşturma İşlemi Tamamlandı (varsayılan hedefler) -- BAŞARISIZ OLDU.
"D:\projects\nlgxzef\Labrune\Labrune.sln" Projesini Oluşturma İşlemi Tamamlandı (varsayılan hedefler) -- BAŞARISIZ OLDU.

Oluşturma BAŞARISIZ OLDU.

"D:\projects\nlgxzef\Labrune\Labrune.sln" (varsayılan hedef) (1) ->
"D:\projects\nlgxzef\Labrune\Labrune\Labrune.csproj" (varsayılan hedef) (2) ->
(GetReferenceAssemblyPaths hedefi) -> 
  C:\Windows\Microsoft.NET\Framework\v4.0.30319\Microsoft.Common.targets(983,5): warning MSB3644: Framework ".NETFramework,Version=v4.5" için başvuru derlemeler bulunamadı. Bu sorunu gidermek için, bu Framework sürümüne yönelik SDK'yi Hedefleme Paketi'ni yükleyin veya uygulamanızı SDK'sini veya Hedefleme Paketi'ni yüklemiş olduğunuz bir Framework sürümüne hedefleyin. Tüm derlemelerin Genel Derleme Önbelleği'nden (GAC) çözümleneceğini veya başvuru derlemelerinin yerine kullanılacağını unutmayın. Bu nedenle, derlemeniz hedeflediğiniz Framework için doğru şekilde hedeflenemeyebilir. [D:\projects\nlgxzef\Labrune\Labrune\Labrune.csproj]


"D:\projects\nlgxzef\Labrune\Labrune.sln" (varsayılan hedef) (1) ->
"D:\projects\nlgxzef\Labrune\Labrune\Labrune.csproj" (varsayılan hedef) (2) ->
(ResolveAssemblyReferences hedefi) -> 
  C:\Windows\Microsoft.NET\Framework\v4.0.30319\Microsoft.Common.targets(1605,5): warning MSB3270: Oluşturulan projenin işlemci mimarisi "MSIL" ile "C:\Windows\Microsoft.NET\Framework\v4.0.30319\mscorlib.dll" başvurusunun işlemci mimarisi "x86" arasında bir uyuşmazlık vardı. Bu uyuşmazlık çalışma zamanı hatalarına neden olabilir. Lütfen proje ve referanslarınız arasındaki işlemci mimarilerini hizalamak için projenizin hedeflenen işlemci mimarisini Yapılandırma Yöneticisi ile değiştirmeyi düşünün veya projenizin hedeflenen işlemci mimarisiyle eşleşen bir işlemci mimarisi ile başvurular üzerine bir bağımlılık alın. [D:\projects\nlgxzef\Labrune\Labrune\Labrune.csproj]
  C:\Windows\Microsoft.NET\Framework\v4.0.30319\Microsoft.Common.targets(1605,5): warning MSB3270: Oluşturulan projenin işlemci mimarisi "MSIL" ile "System.Data" başvurusunun işlemci mimarisi "AMD64" arasında bir uyuşmazlık vardı. Bu uyuşmazlık çalışma zamanı hatalarına neden olabilir. Lütfen proje ve referanslarınız arasındaki işlemci mimarilerini hizalamak için projenizin hedeflenen işlemci mimarisini Yapılandırma Yöneticisi ile değiştirmeyi düşünün veya projenizin hedeflenen işlemci mimarisiyle eşleşen bir işlemci mimarisi ile başvurular üzerine bir bağımlılık alın. [D:\projects\nlgxzef\Labrune\Labrune\Labrune.csproj]


"D:\projects\nlgxzef\Labrune\Labrune.sln" (varsayılan hedef) (1) ->
"D:\projects\nlgxzef\Labrune\Labrune\Labrune.csproj" (varsayılan hedef) (2) ->
(CopyFilesToOutputDirectory hedefi) -> 
  C:\Windows\Microsoft.NET\Framework\v4.0.30319\Microsoft.Common.targets(3390,5): warning MSB3026: "obj\Release\Labrune_V3.exe", "bin\Release\Labrune_V3.exe" üzerine kopyalanamadı. 1000msn içinde 1 adet yeniden denemeye başlanacak. İşlem, başka bir işlem tarafından kullanıldığından 'bin\Release\Labrune_V3.exe' dosyasına erişemiyor. [D:\projects\nlgxzef\Labrune\Labrune\Labrune.csproj]
  C:\Windows\Microsoft.NET\Framework\v4.0.30319\Microsoft.Common.targets(3390,5): warning MSB3026: "obj\Release\Labrune_V3.exe", "bin\Release\Labrune_V3.exe" üzerine kopyalanamadı. 1000msn içinde 2 adet yeniden denemeye başlanacak. İşlem, başka bir işlem tarafından kullanıldığından 'bin\Release\Labrune_V3.exe' dosyasına erişemiyor. [D:\projects\nlgxzef\Labrune\Labrune\Labrune.csproj]
  C:\Windows\Microsoft.NET\Framework\v4.0.30319\Microsoft.Common.targets(3390,5): warning MSB3026: "obj\Release\Labrune_V3.exe", "bin\Release\Labrune_V3.exe" üzerine kopyalanamadı. 1000msn içinde 3 adet yeniden denemeye başlanacak. İşlem, başka bir işlem tarafından kullanıldığından 'bin\Release\Labrune_V3.exe' dosyasına erişemiyor. [D:\projects\nlgxzef\Labrune\Labrune\Labrune.csproj]
  C:\Windows\Microsoft.NET\Framework\v4.0.30319\Microsoft.Common.targets(3390,5): warning MSB3026: "obj\Release\Labrune_V3.exe", "bin\Release\Labrune_V3.exe" üzerine kopyalanamadı. 1000msn içinde 4 adet yeniden denemeye başlanacak. İşlem, başka bir işlem tarafından kullanıldığından 'bin\Release\Labrune_V3.exe' dosyasına erişemiyor. [D:\projects\nlgxzef\Labrune\Labrune\Labrune.csproj]
  C:\Windows\Microsoft.NET\Framework\v4.0.30319\Microsoft.Common.targets(3390,5): warning MSB3026: "obj\Release\Labrune_V3.exe", "bin\Release\Labrune_V3.exe" üzerine kopyalanamadı. 1000msn içinde 5 adet yeniden denemeye başlanacak. İşlem, başka bir işlem tarafından kullanıldığından 'bin\Release\Labrune_V3.exe' dosyasına erişemiyor. [D:\projects\nlgxzef\Labrune\Labrune\Labrune.csproj]
  C:\Windows\Microsoft.NET\Framework\v4.0.30319\Microsoft.Common.targets(3390,5): warning MSB3026: "obj\Release\Labrune_V3.exe", "bin\Release\Labrune_V3.exe" üzerine kopyalanamadı. 1000msn içinde 6 adet yeniden denemeye başlanacak. İşlem, başka bir işlem tarafından kullanıldığından 'bin\Release\Labrune_V3.exe' dosyasına erişemiyor. [D:\projects\nlgxzef\Labrune\Labrune\Labrune.csproj]
  C:\Windows\Microsoft.NET\Framework\v4.0.30319\Microsoft.Common.targets(3390,5): warning MSB3026: "obj\Release\Labrune_V3.exe", "bin\Release\Labrune_V3.exe" üzerine kopyalanamadı. 1000msn içinde 7 adet yeniden denemeye başlanacak. İşlem, başka bir işlem tarafından kullanıldığından 'bin\Release\Labrune_V3.exe' dosyasına erişemiyor. [D:\projects\nlgxzef\Labrune\Labrune\Labrune.csproj]
  C:\Windows\Microsoft.NET\Framework\v4.0.30319\Microsoft.Common.targets(3390,5): warning MSB3026: "obj\Release\Labrune_V3.exe", "bin\Release\Labrune_V3.exe" üzerine kopyalanamadı. 1000msn içinde 8 adet yeniden denemeye başlanacak. İşlem, başka bir işlem tarafından kullanıldığından 'bin\Release\Labrune_V3.exe' dosyasına erişemiyor. [D:\projects\nlgxzef\Labrune\Labrune\Labrune.csproj]
  C:\Windows\Microsoft.NET\Framework\v4.0.30319\Microsoft.Common.targets(3390,5): warning MSB3026: "obj\Release\Labrune_V3.exe", "bin\Release\Labrune_V3.exe" üzerine kopyalanamadı. 1000msn içinde 9 adet yeniden denemeye başlanacak. İşlem, başka bir işlem tarafından kullanıldığından 'bin\Release\Labrune_V3.exe' dosyasına erişemiyor. [D:\projects\nlgxzef\Labrune\Labrune\Labrune.csproj]
  C:\Windows\Microsoft.NET\Framework\v4.0.30319\Microsoft.Common.targets(3390,5): warning MSB3026: "obj\Release\Labrune_V3.exe", "bin\Release\Labrune_V3.exe" üzerine kopyalanamadı. 1000msn içinde 10 adet yeniden denemeye başlanacak. İşlem, başka bir işlem tarafından kullanıldığından 'bin\Release\Labrune_V3.exe' dosyasına erişemiyor. [D:\projects\nlgxzef\Labrune\Labrune\Labrune.csproj]


"D:\projects\nlgxzef\Labrune\Labrune.sln" (varsayılan hedef) (1) ->
"D:\projects\nlgxzef\Labrune\Labrune\Labrune.csproj" (varsayılan hedef) (2) ->
(CopyFilesToOutputDirectory hedefi) -> 
  C:\Windows\Microsoft.NET\Framework\v4.0.30319\Microsoft.Common.targets(3390,5): error MSB3027: "obj\Release\Labrune_V3.exe", "bin\Release\Labrune_V3.exe" üzerine kopyalanamadı. 10 deneme sayısı aşıldı. Başarısız. [D:\projects\nlgxzef\Labrune\Labrune\Labrune.csproj]
  C:\Windows\Microsoft.NET\Framework\v4.0.30319\Microsoft.Common.targets(3390,5): error MSB3021: "obj\Release\Labrune_V3.exe" dosyası "bin\Release\Labrune_V3.exe" üzerine kopyalanamıyor. İşlem, başka bir işlem tarafından kullanıldığından 'bin\Release\Labrune_V3.exe' dosyasına erişemiyor. [D:\projects\nlgxzef\Labrune\Labrune\Labrune.csproj]

    13 Uyarı
    2 Hata

Geçen Süre 00:00:11.46
